
 /----------------------------------------------------------------------------\
 |  yosys -- Yosys Open SYnthesis Suite                                       |
 |  Copyright (C) 2012 - 2026  Claire Xenia Wolf <claire@yosyshq.com>         |
 |  Distributed under an ISC-like license, type "license" to see terms        |
 \----------------------------------------------------------------------------/
 Yosys 0.66+91 (git sha1 8869ce61d, Release, Clang /usr/bin/clang++ 18.1.8)

-- Executing script file `design_smt2.ys' --

1. Executing RTLIL frontend.
Input filename: design_prep.il

2. Executing HIERARCHY pass (managing design hierarchy).
Attribute `top' found on module `fifo'. Setting top module to fifo.

2.1. Analyzing design hierarchy..
Top module:  \fifo

2.2. Analyzing design hierarchy..
Top module:  \fifo
Removed 0 unused modules.
Module fifo directly or indirectly contains formal properties -> setting "keep" attribute.

3. Executing FORMALFF pass.

4. Executing DFFUNMAP pass (unmap clock enable and synchronous reset from FFs).

5. Printing statistics.

=== fifo ===

        +----------Local Count, excluding submodules.
        | 
      139 wires
      287 wire bits
       41 public wires
       96 public wire bits
        8 ports
       22 port bits
      150 cells
        4   $add
       28   $anyinit
        4   $anyseq
       11   $assert
        5   $assume
       10   $eq
       17   $ff
        1   $initstate
        1   $le
       17   $logic_and
       18   $logic_not
        2   $logic_or
        1   $mem_v2
       26   $mux
        1   $not
        1   $pmux
        3   $sub

6. Executing SMT2 backend.

6.1. Executing BMUXMAP pass.

6.2. Executing DEMUXMAP pass.
Creating SMT-LIBv2 representation of module fifo.

End of script. Logfile hash: d466357a7a, time: 0.01s, user: 0.01s, system: 0.00s, MEM: 15.14 MB peak
Yosys 0.66+91 (git sha1 8869ce61d, Release, Clang /usr/bin/clang++ 18.1.8)
Time spent: 66% 2x write_smt2 (0 sec), 17% 2x read_rtlil (0 sec), ...
