
 /----------------------------------------------------------------------------\
 |  yosys -- Yosys Open SYnthesis Suite                                       |
 |  Copyright (C) 2012 - 2026  Claire Xenia Wolf <claire@yosyshq.com>         |
 |  Distributed under an ISC-like license, type "license" to see terms        |
 \----------------------------------------------------------------------------/
 Yosys 0.66+91 (git sha1 8869ce61d, Release, Clang /usr/bin/clang++ 18.1.8)

-- Executing script file `design_prep.ys' --

1. Executing RTLIL frontend.
Input filename: design.il

2. Executing SCC pass (detecting logic loops).
Found 0 SCCs in module $paramod$8392c0aee371eac30cfcd917af9a6c37ac869d3e\pe.
Found 0 SCCs in module pe_fv.
Found 0 SCCs.

3. Executing SIMPLEMAP pass (map simple cells to gate primitives).

4. Executing MEMORY_NORDFF pass (extracting $dff cells from memories).

5. Executing ASYNC2SYNC pass.

6. Executing OPT_CLEAN pass (remove unused cells and wires).
Finding unused cells or wires in module $paramod$8392c0aee371eac30cfcd917af9a6c37ac869d3e\pe..
Finding unused cells or wires in module \pe_fv..
Removed 66 unused cells and 66 unused wires.
<suppressed ~67 debug messages>

7. Executing FORMALFF pass.

8. Executing OPT_CLEAN pass (remove unused cells and wires).
Finding unused cells or wires in module $paramod$8392c0aee371eac30cfcd917af9a6c37ac869d3e\pe..
Finding unused cells or wires in module \pe_fv..
Removed 128 unused cells and 131 unused wires.
<suppressed ~146 debug messages>

9. Executing CHECK pass (checking for obvious problems).
Checking module $paramod$8392c0aee371eac30cfcd917af9a6c37ac869d3e\pe...
Checking module pe_fv...
Found and reported 0 problems.

10. Executing SETUNDEF pass (replace undef values with defined constants).

11. Executing OPT pass (performing simple optimizations).

11.1. Executing OPT_EXPR pass (perform const folding).
Optimizing module $paramod$8392c0aee371eac30cfcd917af9a6c37ac869d3e\pe.
Optimizing module pe_fv.

11.2. Executing OPT_MERGE pass (detect identical cells).
Finding identical cells in module `$paramod$8392c0aee371eac30cfcd917af9a6c37ac869d3e\pe'.
Computing hashes of 20 cells of `$paramod$8392c0aee371eac30cfcd917af9a6c37ac869d3e\pe'.
Finding duplicate cells in `$paramod$8392c0aee371eac30cfcd917af9a6c37ac869d3e\pe'.
Finding identical cells in module `\pe_fv'.
Computing hashes of 63 cells of `\pe_fv'.
Finding duplicate cells in `\pe_fv'.
Computing hashes of 56 cells of `\pe_fv'.
Finding duplicate cells in `\pe_fv'.
<suppressed ~21 debug messages>
Removed a total of 7 cells.

11.3. Executing OPT_DFF pass (perform DFF optimizations).

11.4. Executing OPT_CLEAN pass (remove unused cells and wires).
Finding unused cells or wires in module $paramod$8392c0aee371eac30cfcd917af9a6c37ac869d3e\pe..
Finding unused cells or wires in module \pe_fv..
Removed 0 unused cells and 7 unused wires.
<suppressed ~1 debug messages>

11.5. Finished fast OPT passes.

12. Executing OPT_CLEAN pass (remove unused cells and wires).
Finding unused cells or wires in module $paramod$8392c0aee371eac30cfcd917af9a6c37ac869d3e\pe..
Finding unused cells or wires in module \pe_fv..
Removed 0 unused cells and 7 unused wires.
<suppressed ~1 debug messages>

13. Executing RTLIL backend.
Output filename: ../model/design_prep.il

End of script. Logfile hash: 551727192c, time: 0.01s, user: 0.01s, system: 0.01s, MEM: 15.15 MB peak
Yosys 0.66+91 (git sha1 8869ce61d, Release, Clang /usr/bin/clang++ 18.1.8)
Time spent: 35% 4x opt_clean (0 sec), 13% 1x formalff (0 sec), ...
