
 /----------------------------------------------------------------------------\
 |  yosys -- Yosys Open SYnthesis Suite                                       |
 |  Copyright (C) 2012 - 2026  Claire Xenia Wolf <claire@yosyshq.com>         |
 |  Distributed under an ISC-like license, type "license" to see terms        |
 \----------------------------------------------------------------------------/
 Yosys 0.66+91 (git sha1 8869ce61d, Release, Clang /usr/bin/clang++ 18.1.8)

-- Executing script file `design_smt2.ys' --

1. Executing RTLIL frontend.
Input filename: design_prep.il

2. Executing HIERARCHY pass (managing design hierarchy).
Attribute `top' found on module `decoder_fv'. Setting top module to decoder_fv.

2.1. Analyzing design hierarchy..
Top module:  \decoder_fv
Used module:     \decoder

2.2. Analyzing design hierarchy..
Top module:  \decoder_fv
Used module:     \decoder
Removed 0 unused modules.
Module decoder_fv directly or indirectly contains formal properties -> setting "keep" attribute.

3. Executing FORMALFF pass.

4. Executing DFFUNMAP pass (unmap clock enable and synchronous reset from FFs).

5. Printing statistics.

=== decoder ===

        +----------Local Count, excluding submodules.
        | 
      131 wires
      288 wire bits
       36 public wires
      130 public wire bits
       36 ports
      130 port bits
      122 cells
       26   $anyinit
        1   $assume
       16   $eq
        1   $logic_or
       69   $mux
        2   $not
        2   $pmux
        5   $reduce_or

=== decoder_fv ===

        +----------Local Count, excluding submodules.
        | 
      118 wires
      219 wire bits
       64 public wires
      165 public wire bits
        5 ports
       38 port bits
       86 cells
        7   $anyinit
        2   $assume
       20   $cover
       16   $eq
       23   $ff
        1   $gt
        6   $logic_and
        5   $logic_not
        1   $logic_or
        3   $mux
        1   $ne
        1   $not
        1 submodules
        1   decoder

=== design hierarchy ===

        +----------Count including submodules.
        | 
      208 decoder_fv
      122 decoder

        +----------Count including submodules.
        | 
      249 wires
      507 wire bits
      100 public wires
      295 public wire bits
       41 ports
      168 port bits
        - memories
        - memory bits
        - processes
      208 cells
       33   $anyinit
        3   $assume
       20   $cover
       32   $eq
       23   $ff
        1   $gt
        6   $logic_and
        5   $logic_not
        2   $logic_or
       72   $mux
        1   $ne
        3   $not
        2   $pmux
        5   $reduce_or
        1 submodules
        1   decoder

6. Executing SMT2 backend.

6.1. Executing BMUXMAP pass.

6.2. Executing DEMUXMAP pass.
Creating SMT-LIBv2 representation of module decoder.
Creating SMT-LIBv2 representation of module decoder_fv.

End of script. Logfile hash: 45c4720739, time: 0.00s, user: 0.00s, system: 0.01s, MEM: 15.33 MB peak
Yosys 0.66+91 (git sha1 8869ce61d, Release, Clang /usr/bin/clang++ 18.1.8)
Time spent: 53% 2x write_smt2 (0 sec), 26% 2x read_rtlil (0 sec), ...
