
 /----------------------------------------------------------------------------\
 |  yosys -- Yosys Open SYnthesis Suite                                       |
 |  Copyright (C) 2012 - 2026  Claire Xenia Wolf <claire@yosyshq.com>         |
 |  Distributed under an ISC-like license, type "license" to see terms        |
 \----------------------------------------------------------------------------/
 Yosys 0.66+91 (git sha1 8869ce61d, Release, Clang /usr/bin/clang++ 18.1.8)

-- Executing script file `design_smt2.ys' --

1. Executing RTLIL frontend.
Input filename: design_prep.il

2. Executing HIERARCHY pass (managing design hierarchy).
Attribute `top' found on module `pe_fv'. Setting top module to pe_fv.

2.1. Analyzing design hierarchy..
Top module:  \pe_fv
Used module:     $paramod$8392c0aee371eac30cfcd917af9a6c37ac869d3e\pe

2.2. Analyzing design hierarchy..
Top module:  \pe_fv
Used module:     $paramod$8392c0aee371eac30cfcd917af9a6c37ac869d3e\pe
Removed 0 unused modules.
Module pe_fv directly or indirectly contains formal properties -> setting "keep" attribute.

3. Executing FORMALFF pass.

4. Executing DFFUNMAP pass (unmap clock enable and synchronous reset from FFs).

5. Printing statistics.

=== $paramod$8392c0aee371eac30cfcd917af9a6c37ac869d3e\pe ===

        +----------Local Count, excluding submodules.
        | 
       30 wires
      518 wire bits
       14 public wires
      181 public wire bits
       11 ports
      125 port bits
       22 cells
        2   $add
        4   $anyinit
        1   $assume
        1   $mul
       13   $mux
        1   $not

=== pe_fv ===

        +----------Local Count, excluding submodules.
        | 
      153 wires
      709 wire bits
       66 public wires
      436 public wire bits
        7 ports
       45 port bits
      151 cells
        3   $add
       32   $anyinit
       16   $assert
        2   $assume
       13   $eq
       29   $ff
       10   $logic_and
       10   $logic_not
        3   $mul
       32   $mux
        1   $not
        1 submodules
        1   $paramod$8392c0aee371eac30cfcd917af9a6c37ac869d3e\pe

=== design hierarchy ===

        +----------Count including submodules.
        | 
      173 pe_fv
       22 $paramod$8392c0aee371eac30cfcd917af9a6c37ac869d3e\pe

        +----------Count including submodules.
        | 
      183 wires
     1227 wire bits
       80 public wires
      617 public wire bits
       18 ports
      170 port bits
        - memories
        - memory bits
        - processes
      173 cells
        5   $add
       36   $anyinit
       16   $assert
        3   $assume
       13   $eq
       29   $ff
       10   $logic_and
       10   $logic_not
        4   $mul
       45   $mux
        2   $not
        1 submodules
        1   $paramod$8392c0aee371eac30cfcd917af9a6c37ac869d3e\pe

6. Executing SMT2 backend.

6.1. Executing BMUXMAP pass.

6.2. Executing DEMUXMAP pass.
Creating SMT-LIBv2 representation of module $paramod$8392c0aee371eac30cfcd917af9a6c37ac869d3e\pe.
Creating SMT-LIBv2 representation of module pe_fv.

End of script. Logfile hash: da08d80a35, time: 0.00s, user: 0.01s, system: 0.01s, MEM: 15.17 MB peak
Yosys 0.66+91 (git sha1 8869ce61d, Release, Clang /usr/bin/clang++ 18.1.8)
Time spent: 71% 2x write_smt2 (0 sec), 13% 2x read_rtlil (0 sec), ...
